
> build
> npm run check:safe && vite build


> check:safe
> timeout 20 npm run check || (echo 'Check timed out after 20 seconds' && exit 1)


> check
> tsgo --noEmit && npm run lint:radix -- --fix && npm run format


> lint:radix
> grep -l -r '<SelectItem' src | xargs eslint --config config/eslint/eslint.radix.config.js --fix


> format
> biome check --write --unsafe

Checked 6 files in 72ms. No fixes applied.

♻️  Generating routes...
✅ Processed route in 143ms
rolldown-vite v7.1.20 building for production...
[2Ktransforming...✓ 1818 modules transformed.
rendering chunks...
computing gzip size...
dist/index.html                       1.28 kB │ gzip:   0.58 kB
dist/assets/index-7Q1U3z9P.css      160.78 kB │ gzip:  24.04 kB
dist/assets/web-vitals-BPXkhy0E.js    6.72 kB │ gzip:   2.46 kB
dist/assets/index-QsqBSt8Z.js       612.03 kB │ gzip: 183.04 kB
✓ built in 2.91s
